// Jest Snapshot v1, https://goo.gl/fbAQLP

exports[`LayoutIDBStorage should not change without migration 1`] = `
Object {
  "format": Object {
    "height": 297,
    "id": "A4_PORTRAIT",
    "orientation": "portrait",
    "width": 210,
  },
  "id": "test-layout-1",
  "name": "Sample layout",
  "textFrames": Array [
    Object {
      "content": Array [
        Object {
          "children": Array [
            Object {
              "text": "Hey man, how are you ?",
            },
          ],
          "type": "paragraph",
        },
      ],
      "id": "test-text-frame-1",
      "position": Object {
        "x": 10,
        "y": 10,
      },
      "size": Object {
        "height": 100,
        "width": 100,
      },
      "style": Object {
        "background": "#FFFFFF",
        "withBorders": true,
        "withShadows": true,
      },
    },
  ],
  "view": Object {
    "center": Array [
      1.5,
      45.4,
    ],
    "projection": Object {
      "name": "EPSG:3857",
    },
    "resolution": 1000,
    "rotation": 0,
  },
}
`;
