// Jest Snapshot v1, https://goo.gl/fbAQLP

exports[`WmsDefinitionManifest should not change without datastore migration 1`] = `
Object {
  "version": "version",
  "wms": Object {
    "auth": Object {
      "password": "password",
      "username": "username",
    },
    "extent": Array [
      1,
      2,
      3,
      4,
    ],
    "projection": Object {
      "name": "projection",
    },
    "prompt": Array [
      Object {
        "description": Array [
          Object {
            "language": "fr",
            "text": "description",
          },
          Object {
            "language": "en",
            "text": "description",
          },
        ],
        "name": "name",
        "type": "string",
      },
    ],
    "remoteLayerName": "remoteLayerName",
    "urls": Array [
      "urls",
    ],
  },
}
`;
