// Jest Snapshot v1, https://goo.gl/fbAQLP

exports[`WmtsDefinitionManifest should not change without datastore migration 1`] = `
Object {
  "version": "version",
  "wmts": Object {
    "auth": Object {
      "password": "password",
      "username": "username",
    },
    "capabilitiesUrl": "capabilitiesUrl",
    "prompt": Array [
      Object {
        "description": Array [
          Object {
            "language": "fr",
            "text": "description",
          },
          Object {
            "language": "en",
            "text": "description",
          },
        ],
        "name": "name",
        "type": "string",
      },
    ],
    "remoteLayerName": "remoteLayerName",
  },
}
`;
