// Jest Snapshot v1, https://goo.gl/fbAQLP

exports[`AbcVote should not change without migration 1`] = `
Object {
  "1": "NOT_SATISFIED",
  "2": "BLAH",
  "3": "SATISFIED",
  "BLAH": 2,
  "NOT_SATISFIED": 1,
  "SATISFIED": 3,
}
`;
