// Jest Snapshot v1, https://goo.gl/fbAQLP

exports[`AbcProjectManifest should not change without migration 1`] = `
Object {
  "layers": Array [],
  "layouts": Array [],
  "metadata": Object {
    "containsCredentials": false,
    "id": "test-project-id",
    "name": "Test project",
    "public": false,
    "version": "0.1",
  },
  "sharedViews": Object {
    "fullscreen": false,
    "list": Array [],
    "mapDimensions": Object {
      "height": 600,
      "width": 800,
    },
  },
  "view": Object {
    "center": Array [
      1,
      2,
    ],
    "projection": Object {
      "name": "EPSG:4326",
    },
    "resolution": 1000,
    "rotation": 0,
  },
}
`;
