// Jest Snapshot v1, https://goo.gl/fbAQLP

exports[`TileIDBEntry should not change without migration 1`] = `
Object {
  "image": Blob {},
  "url": "http://somewhere.net/x/y/z",
  "version": 2,
}
`;
