// Jest Snapshot v1, https://goo.gl/fbAQLP

exports[`LayerAuthentication should not change without migration 1`] = `
Object {
  "password": "test-password",
  "username": "test-username",
}
`;
