// Jest Snapshot v1, https://goo.gl/fbAQLP

exports[`buffers.js-txt example should work 1`] = `
Array [
  Object {
    "geometry": Object {
      "coordinates": Array [
        Array [
          Array [
            -5915839.472163098,
            5017029.629486579,
          ],
          Array [
            -5918041.073844327,
            5042986.585130397,
          ],
          Array [
            -5925295.045854549,
            5068077.977140152,
          ],
          Array [
            -5937357.549519441,
            5091318.4495202685,
          ],
          Array [
            -5953789.316506584,
            5111781.646822502,
          ],
          Array [
            -5973968.472925001,
            5128640.814568422,
          ],
          Array [
            -5997112.643352674,
            5141206.871231576,
          ],
          Array [
            -6022309.877205225,
            5148961.4803472,
          ],
          Array [
            -6048557.148752893,
            5151582.738364723,
          ],
          Array [
            -6074804.420300562,
            5148961.4803472,
          ],
          Array [
            -6100001.654153114,
            5141206.871231576,
          ],
          Array [
            -6123145.824580786,
            5128640.814568422,
          ],
          Array [
            -6143324.9809992025,
            5111781.646822502,
          ],
          Array [
            -6159756.747986346,
            5091318.4495202685,
          ],
          Array [
            -6171819.251651238,
            5068077.977140152,
          ],
          Array [
            -6179073.22366146,
            5042986.585130397,
          ],
          Array [
            -6181274.825342689,
            5017029.629486579,
          ],
          Array [
            -6178379.43971693,
            4991210.633299512,
          ],
          Array [
            -6170537.220001035,
            4966512.15222364,
          ],
          Array [
            -6158081.524559417,
            4943859.811194134,
          ],
          Array [
            -6141511.51722004,
            4924090.514112681,
          ],
          Array [
            -6121470.203810335,
            4907925.4111726,
          ],
          Array [
            -6098719.060574276,
            4895947.88320358,
          ],
          Array [
            -6074110.239012458,
            4888586.582365423,
          ],
          Array [
            -6048557.148752893,
            4886103.448389748,
          ],
          Array [
            -6023004.058493328,
            4888586.582365423,
          ],
          Array [
            -5998395.236931511,
            4895947.88320358,
          ],
          Array [
            -5975644.0936954515,
            4907925.4111726,
          ],
          Array [
            -5955602.780285747,
            4924090.514112681,
          ],
          Array [
            -5939032.772946369,
            4943859.811194134,
          ],
          Array [
            -5926577.077504752,
            4966512.15222364,
          ],
          Array [
            -5918734.857788857,
            4991210.633299512,
          ],
          Array [
            -5915839.472163098,
            5017029.629486579,
          ],
        ],
      ],
      "type": "Polygon",
    },
    "id": "7usssi8KSl",
    "properties": Object {
      "abc:feature:selected": true,
      "abc:style:point:color": "rgba(18,90,147,0.9)",
      "abc:style:point:icon": "twbs/0_circle-fill.inline.svg",
      "abc:style:point:size": 10,
    },
    "type": "Feature",
  },
  Object {
    "geometry": Object {
      "coordinates": Array [
        Array [
          Array [
            -5910794.711210248,
            3967019.3915229994,
          ],
          Array [
            -5912862.46324068,
            3990496.8840984306,
          ],
          Array [
            -5919492.034890254,
            4013162.9813262126,
          ],
          Array [
            -5930452.631311523,
            4034131.994624592,
          ],
          Array [
            -5945339.646961842,
            4052575.1641594665,
          ],
          Array [
            -5963587.464949428,
            4067755.964983649,
          ],
          Array [
            -5984490.001929952,
            4079062.7353618536,
          ],
          Array [
            -6007228.462432077,
            4086036.6838482036,
          ],
          Array [
            -6030905.183829738,
            4088393.445953402,
          ],
          Array [
            -6054581.905227397,
            4086036.6838482036,
          ],
          Array [
            -6077320.365729523,
            4079062.7353618536,
          ],
          Array [
            -6098222.902710047,
            4067755.964983649,
          ],
          Array [
            -6116470.720697633,
            4052575.1641594665,
          ],
          Array [
            -6131357.736347952,
            4034131.994624592,
          ],
          Array [
            -6142318.332769221,
            4013162.9813262126,
          ],
          Array [
            -6148947.904418794,
            3990496.8840984306,
          ],
          Array [
            -6151015.656449227,
            3967019.3915229994,
          ],
          Array [
            -6148469.660961207,
            3943637.0054698135,
          ],
          Array [
            -6141434.609754682,
            3921241.767059927,
          ],
          Array [
            -6130203.009888215,
            3900678.1734021767,
          ],
          Array [
            -6115220.743068754,
            3882713.307211879,
          ],
          Array [
            -6097067.971652491,
            3868010.8944794633,
          ],
          Array [
            -6076436.3533699615,
            3857109.748339711,
          ],
          Array [
            -6054103.457171976,
            3850406.8632690855,
          ],
          Array [
            -6030905.183829738,
            3848145.2924333387,
          ],
          Array [
            -6007706.910487498,
            3850406.8632690855,
          ],
          Array [
            -5985374.014289511,
            3857109.748339711,
          ],
          Array [
            -5964742.396006984,
            3868010.8944794633,
          ],
          Array [
            -5946589.624590721,
            3882713.307211879,
          ],
          Array [
            -5931607.357771259,
            3900678.1734021767,
          ],
          Array [
            -5920375.757904792,
            3921241.767059927,
          ],
          Array [
            -5913340.706698268,
            3943637.0054698135,
          ],
          Array [
            -5910794.711210248,
            3967019.3915229994,
          ],
        ],
      ],
      "type": "Polygon",
    },
    "id": "S8omvtuklq",
    "properties": Object {
      "abc:feature:selected": true,
      "abc:style:point:color": "rgba(18,90,147,0.9)",
      "abc:style:point:icon": "twbs/0_circle-fill.inline.svg",
      "abc:style:point:size": 10,
    },
    "type": "Feature",
  },
  Object {
    "geometry": Object {
      "coordinates": Array [
        Array [
          Array [
            -4102722.3517626715,
            5121820.998086351,
          ],
          Array [
            -4124656.303255872,
            5136275.7316370215,
          ],
          Array [
            -4149034.3794476865,
            5146139.786327502,
          ],
          Array [
            -4174893.3196807317,
            5151007.409364728,
          ],
          Array [
            -4201204.472789569,
            5150678.01378275,
          ],
          Array [
            -4226919.353669563,
            5145166.203819665,
          ],
          Array [
            -4251016.392927731,
            5134700.889877652,
          ],
          Array [
            -4272545.957863059,
            5119713.5848960355,
          ],
          Array [
            -4290670.923868585,
            5100816.857350587,
          ],
          Array [
            -4304700.568052255,
            5078774.651672248,
          ],
          Array [
            -4314116.248658228,
            5054466.677097771,
          ],
          Array [
            -4318588.103687668,
            5028849.267731851,
          ],
          Array [
            -4317982.7308260165,
            5002915.044531691,
          ],
          Array [
            -4219343.952943071,
            4140526.193465248,
          ],
          Array [
            -4214409.994579995,
            4116902.3158286866,
          ],
          Array [
            -4204948.234180823,
            4094760.027504962,
          ],
          Array [
            -4191351.1226165323,
            4074946.463649138,
          ],
          Array [
            -4174163.110004209,
            4058211.359426338,
          ],
          Array [
            -4154057.9352966347,
            4045182.049535689,
          ],
          Array [
            -4131812.6027543987,
            4036343.3757913923,
          ],
          Array [
            -4108278.945544731,
            4032022.6453717216,
          ],
          Array [
            -4084353.5586512545,
            4032379.685849684,
          ],
          Array [
            -4060946.787935762,
            4037402.0037402143,
          ],
          Array [
            -4038951.404347115,
            4046905.05126337,
          ],
          Array [
            -4019211.5793458614,
            4060537.620679809,
          ],
          Array [
            -4002492.811129284,
            4077792.3963650083,
          ],
          Array [
            -3538662.191907624,
            4636728.173402609,
          ],
          Array [
            -4102722.3517626715,
            5121820.998086351,
          ],
        ],
      ],
      "type": "Polygon",
    },
    "id": "Yq9sRa6ell",
    "properties": Object {
      "abc:feature:selected": true,
      "abc:style:fill:color1": "rgba(18,90,147,0.30)",
      "abc:style:fill:color2": "rgba(255,255,255,0.60)",
      "abc:style:fill:pattern": "abc:style:fill:hatching:oblique:right",
      "abc:style:stroke:color": "rgba(18,90,147,0.60)",
      "abc:style:stroke:width": 3,
    },
    "type": "Feature",
  },
  Object {
    "geometry": Object {
      "coordinates": Array [
        Array [
          Array [
            -5913051.18117861,
            4549388.219275678,
          ],
          Array [
            -5915188.990851188,
            4574157.727114322,
          ],
          Array [
            -5922144.228734055,
            4598087.4842538,
          ],
          Array [
            -5933679.247269877,
            4620239.8757690145,
          ],
          Array [
            -5949371.328978853,
            4639735.320486673,
          ],
          Array [
            -5968625.510933267,
            4655790.331759348,
          ],
          Array [
            -5990695.951417743,
            4667752.972146527,
          ],
          Array [
            -6014715.34047896,
            4675133.485523764,
          ],
          Array [
            -6039731.166291315,
            4677627.991766624,
          ],
          Array [
            -6064746.992103668,
            4675133.485523764,
          ],
          Array [
            -6088766.381164886,
            4667752.972146527,
          ],
          Array [
            -6110836.8216493605,
            4655790.331759348,
          ],
          Array [
            -6130091.003603775,
            4639735.320486673,
          ],
          Array [
            -6145783.085312752,
            4620239.8757690145,
          ],
          Array [
            -6157318.103848576,
            4598087.4842538,
          ],
          Array [
            -6164273.341731442,
            4574157.727114322,
          ],
          Array [
            -6166411.151404019,
            4549388.219275678,
          ],
          Array [
            -6163683.364384446,
            4524736.033391526,
          ],
          Array [
            -6156227.9037542725,
            4501140.407454804,
          ],
          Array [
            -6144358.544873875,
            4479488.152040675,
          ],
          Array [
            -6128548.93203468,
            4460582.771265478,
          ],
          Array [
            -6109411.985328671,
            4445117.946493514,
          ],
          Array [
            -6087675.762630488,
            4433655.738089242,
          ],
          Array [
            -6064156.718874829,
            4426609.651796599,
          ],
          Array [
            -6039731.166291315,
            4424232.590066513,
          ],
          Array [
            -6015305.613707799,
            4426609.651796599,
          ],
          Array [
            -5991786.569952141,
            4433655.738089242,
          ],
          Array [
            -5970050.347253959,
            4445117.946493514,
          ],
          Array [
            -5950913.4005479505,
            4460582.771265478,
          ],
          Array [
            -5935103.787708754,
            4479488.152040675,
          ],
          Array [
            -5923234.428828357,
            4501140.407454804,
          ],
          Array [
            -5915778.968198184,
            4524736.033391529,
          ],
          Array [
            -5913051.18117861,
            4549388.219275678,
          ],
        ],
      ],
      "type": "Polygon",
    },
    "id": "mAH_hNzUfQ",
    "properties": Object {
      "abc:feature:selected": true,
      "abc:style:point:color": "rgba(18,90,147,0.9)",
      "abc:style:point:icon": "twbs/0_circle-fill.inline.svg",
      "abc:style:point:size": 10,
    },
    "type": "Feature",
  },
  Object {
    "geometry": Object {
      "coordinates": Array [
        Array [
          Array [
            -4978013.661258878,
            4898265.496216901,
          ],
          Array [
            -5556461.188978199,
            4107634.9719318906,
          ],
          Array [
            -5567789.5811545625,
            4087375.818301158,
          ],
          Array [
            -5575029.529927146,
            4065372.915334661,
          ],
          Array [
            -5577939.59088114,
            4042444.992582996,
          ],
          Array [
            -5576440.282560717,
            4019434.796295867,
          ],
          Array [
            -5570613.048643274,
            3997177.706337471,
          ],
          Array [
            -5560693.470984743,
            3976472.124633127,
          ],
          Array [
            -5547059.514109007,
            3958052.5252653514,
          ],
          Array [
            -5530215.638125355,
            3942565.7903594384,
          ],
          Array [
            -5510773.600160427,
            3930551.2309334553,
          ],
          Array [
            -5489430.702156163,
            3922424.520836792,
          ],
          Array [
            -5466946.161301325,
            3918465.656191077,
          ],
          Array [
            -5444116.199373297,
            3918810.985761363,
          ],
          Array [
            -4579719.352121897,
            3979277.0618471187,
          ],
          Array [
            -4556358.082467188,
            3982255.2039932753,
          ],
          Array [
            -4534006.649116604,
            3989690.8587356154,
          ],
          Array [
            -4513500.475952544,
            4001314.7154368637,
          ],
          Array [
            -4495611.918923694,
            4016704.229750631,
          ],
          Array [
            -4481022.958365794,
            4035296.408574138,
          ],
          Array [
            -4470299.934508072,
            4056405.3159727,
          ],
          Array [
            -4463871.119098311,
            4079244.1909686932,
          ],
          Array [
            -4462008.021061762,
            4102951.936544997,
          ],
          Array [
            -4464811.409196272,
            4126623.537188079,
          ],
          Array [
            -4472203.066650064,
            4149343.689859201,
          ],
          Array [
            -4483924.233517012,
            4170222.605444685,
          ],
          Array [
            -4499541.5121617615,
            4188432.5877530766,
          ],
          Array [
            -4518460.68488976,
            4203243.676137388,
          ],
          Array [
            -4539948.428458991,
            4214056.409085337,
          ],
          Array [
            -4563161.337970919,
            4220429.6934404,
          ],
          Array [
            -4587181.0577923665,
            4222101.8960015755,
          ],
          Array [
            -5200074.921369889,
            4186115.743399316,
          ],
          Array [
            -4605192.902669854,
            4942503.567112587,
          ],
          Array [
            -4590214.794568615,
            4964594.600801462,
          ],
          Array [
            -4579932.20721009,
            4989290.366029859,
          ],
          Array [
            -4574795.445722399,
            5015610.1154989265,
          ],
          Array [
            -4575054.233034393,
            5042492.8670366295,
          ],
          Array [
            -4580741.344518492,
            5068837.71200504,
          ],
          Array [
            -4591664.234771021,
            5093548.413707872,
          ],
          Array [
            -4607406.129889243,
            5115580.695644957,
          ],
          Array [
            -4627337.719331209,
            5133990.024792438,
          ],
          Array [
            -4650639.980795231,
            5147977.183270007,
          ],
          Array [
            -4676337.835117266,
            5156928.615363809,
          ],
          Array [
            -4703343.343458381,
            5160448.547602469,
          ],
          Array [
            -5481662.910629957,
            5151347.100206476,
          ],
          Array [
            -5507715.091376567,
            5147418.134492072,
          ],
          Array [
            -5532453.958581591,
            5138423.929753084,
          ],
          Array [
            -5554898.07669585,
            5124737.436027092,
          ],
          Array [
            -5574167.370073402,
            5106921.606917118,
          ],
          Array [
            -5589519.576167209,
            5085701.772412372,
          ],
          Array [
            -5600378.801088326,
            5061931.299036297,
          ],
          Array [
            -5606355.161637715,
            5036552.933973536,
          ],
          Array [
            -5607255.259243877,
            5010558.237701784,
          ],
          Array [
            -5603083.882435007,
            4984947.27888945,
          ],
          Array [
            -5594037.810700937,
            4960690.376621819,
          ],
          Array [
            -5580492.872782315,
            4938693.217712844,
          ],
          Array [
            -5562985.512728267,
            4919766.229329188,
          ],
          Array [
            -5542190.077840039,
            4904598.705108884,
          ],
          Array [
            -5518892.914154532,
            4893737.8961407365,
          ],
          Array [
            -5493964.186126822,
            4887573.0934733385,
          ],
          Array [
            -5468328.167769422,
            4886324.636712608,
          ],
          Array [
            -4978013.661258878,
            4898265.496216901,
          ],
        ],
      ],
      "type": "Polygon",
    },
    "id": "vsIrtUazwK",
    "properties": Object {
      "abc:feature:selected": true,
      "abc:style:stroke:color": "rgba(18,90,147,0.60)",
      "abc:style:stroke:width": 3,
    },
    "type": "Feature",
  },
]
`;

exports[`buffers.js-txt setup should work 1`] = `
Array [
  "OpenStreetMap",
  "Geometries",
  "Buffer sample data",
]
`;
