// Jest Snapshot v1, https://goo.gl/fbAQLP

exports[`PointIcon Icon change require migration 1`] = `
Object {
  "Icon0Circle": "twbs/0_circle.inline.svg",
  "Icon0CircleFill": "twbs/0_circle-fill.inline.svg",
  "Icon0CircleHalf": "twbs/0_circle-half.inline.svg",
  "Icon0CircleSquare": "twbs/0_circle-square.inline.svg",
  "Icon0Square": "twbs/0_square.inline.svg",
  "Icon0SquareFill": "twbs/0_square-fill.inline.svg",
  "Icon0SquareHalf": "twbs/0_square-half.inline.svg",
  "Icon0Star": "twbs/0_star.inline.svg",
  "Icon0StarFill": "twbs/0_star-fill.inline.svg",
  "Icon0StarHalf": "twbs/0_star-half.inline.svg",
  "Icon0Stars": "twbs/0_stars.inline.svg",
  "Icon0Triangle": "twbs/0_triangle.inline.svg",
  "Icon0TriangleFill": "twbs/0_triangle-fill.inline.svg",
  "Icon0TriangleHalf": "twbs/0_triangle-half.inline.svg",
  "IconArrow90DegDown": "twbs/arrow-90deg-down.inline.svg",
  "IconArrow90DegLeft": "twbs/arrow-90deg-left.inline.svg",
  "IconArrow90DegRight": "twbs/arrow-90deg-right.inline.svg",
  "IconArrow90DegUp": "twbs/arrow-90deg-up.inline.svg",
  "IconArrowClockwise": "twbs/arrow-clockwise.inline.svg",
  "IconArrowCounterclockwise": "twbs/arrow-counterclockwise.inline.svg",
  "IconArrowDown": "twbs/arrow-down.inline.svg",
  "IconArrowDownCircle": "twbs/arrow-down-circle.inline.svg",
  "IconArrowDownCircleFill": "twbs/arrow-down-circle-fill.inline.svg",
  "IconArrowDownLeft": "twbs/arrow-down-left.inline.svg",
  "IconArrowDownLeftCircle": "twbs/arrow-down-left-circle.inline.svg",
  "IconArrowDownLeftCircleFill": "twbs/arrow-down-left-circle-fill.inline.svg",
  "IconArrowDownLeftSquare": "twbs/arrow-down-left-square.inline.svg",
  "IconArrowDownLeftSquareFill": "twbs/arrow-down-left-square-fill.inline.svg",
  "IconArrowDownRight": "twbs/arrow-down-right.inline.svg",
  "IconArrowDownRightCircle": "twbs/arrow-down-right-circle.inline.svg",
  "IconArrowDownRightCircleFill": "twbs/arrow-down-right-circle-fill.inline.svg",
  "IconArrowDownRightSquare": "twbs/arrow-down-right-square.inline.svg",
  "IconArrowDownRightSquareFill": "twbs/arrow-down-right-square-fill.inline.svg",
  "IconArrowDownShort": "twbs/arrow-down-short.inline.svg",
  "IconArrowDownSquare": "twbs/arrow-down-square.inline.svg",
  "IconArrowDownSquareFill": "twbs/arrow-down-square-fill.inline.svg",
  "IconArrowDownUp": "twbs/arrow-down-up.inline.svg",
  "IconArrowLeft": "twbs/arrow-left.inline.svg",
  "IconArrowLeftCircle": "twbs/arrow-left-circle.inline.svg",
  "IconArrowLeftCircleFill": "twbs/arrow-left-circle-fill.inline.svg",
  "IconArrowLeftRight": "twbs/arrow-left-right.inline.svg",
  "IconArrowLeftShort": "twbs/arrow-left-short.inline.svg",
  "IconArrowLeftSquare": "twbs/arrow-left-square.inline.svg",
  "IconArrowLeftSquareFill": "twbs/arrow-left-square-fill.inline.svg",
  "IconArrowRepeat": "twbs/arrow-repeat.inline.svg",
  "IconArrowReturnLeft": "twbs/arrow-return-left.inline.svg",
  "IconArrowReturnRight": "twbs/arrow-return-right.inline.svg",
  "IconArrowRight": "twbs/arrow-right.inline.svg",
  "IconArrowRightCircle": "twbs/arrow-right-circle.inline.svg",
  "IconArrowRightCircleFill": "twbs/arrow-right-circle-fill.inline.svg",
  "IconArrowRightShort": "twbs/arrow-right-short.inline.svg",
  "IconArrowRightSquare": "twbs/arrow-right-square.inline.svg",
  "IconArrowRightSquareFill": "twbs/arrow-right-square-fill.inline.svg",
  "IconArrowUp": "twbs/arrow-up.inline.svg",
  "IconArrowUpCircle": "twbs/arrow-up-circle.inline.svg",
  "IconArrowUpCircleFill": "twbs/arrow-up-circle-fill.inline.svg",
  "IconArrowUpLeft": "twbs/arrow-up-left.inline.svg",
  "IconArrowUpLeftCircle": "twbs/arrow-up-left-circle.inline.svg",
  "IconArrowUpLeftCircleFill": "twbs/arrow-up-left-circle-fill.inline.svg",
  "IconArrowUpLeftSquare": "twbs/arrow-up-left-square.inline.svg",
  "IconArrowUpLeftSquareFill": "twbs/arrow-up-left-square-fill.inline.svg",
  "IconArrowUpRight": "twbs/arrow-up-right.inline.svg",
  "IconArrowUpRightCircle": "twbs/arrow-up-right-circle.inline.svg",
  "IconArrowUpRightCircleFill": "twbs/arrow-up-right-circle-fill.inline.svg",
  "IconArrowUpRightSquare": "twbs/arrow-up-right-square.inline.svg",
  "IconArrowUpRightSquareFill": "twbs/arrow-up-right-square-fill.inline.svg",
  "IconArrowUpShort": "twbs/arrow-up-short.inline.svg",
  "IconArrowUpSquare": "twbs/arrow-up-square.inline.svg",
  "IconArrowUpSquareFill": "twbs/arrow-up-square-fill.inline.svg",
  "IconArrowsAngleContract": "twbs/arrows-angle-contract.inline.svg",
  "IconArrowsFullscreen": "twbs/arrows-fullscreen.inline.svg",
  "IconArrowsMove": "twbs/arrows-move.inline.svg",
  "IconBag": "twbs/bag.inline.svg",
  "IconBagCheck": "twbs/bag-check.inline.svg",
  "IconBagCheckFill": "twbs/bag-check-fill.inline.svg",
  "IconBagDash": "twbs/bag-dash.inline.svg",
  "IconBagDashFill": "twbs/bag-dash-fill.inline.svg",
  "IconBagFill": "twbs/bag-fill.inline.svg",
  "IconBagPlus": "twbs/bag-plus.inline.svg",
  "IconBagPlusFill": "twbs/bag-plus-fill.inline.svg",
  "IconBagX": "twbs/bag-x.inline.svg",
  "IconBagXFill": "twbs/bag-x-fill.inline.svg",
  "IconBank": "twbs/bank.inline.svg",
  "IconBank2": "twbs/bank2.inline.svg",
  "IconBasket": "twbs/basket.inline.svg",
  "IconBasket2": "twbs/basket2.inline.svg",
  "IconBasket2Fill": "twbs/basket2-fill.inline.svg",
  "IconBasket3": "twbs/basket3.inline.svg",
  "IconBasket3Fill": "twbs/basket3-fill.inline.svg",
  "IconBasketFill": "twbs/basket-fill.inline.svg",
  "IconBicycle": "twbs/bicycle.inline.svg",
  "IconBinoculars": "twbs/binoculars.inline.svg",
  "IconBinocularsFill": "twbs/binoculars-fill.inline.svg",
  "IconBookFill": "twbs/book-fill.inline.svg",
  "IconBookHalf": "twbs/book-half.inline.svg",
  "IconBox": "twbs/box.inline.svg",
  "IconBoxArrowDownLeft": "twbs/box-arrow-down-left.inline.svg",
  "IconBoxArrowDownRight": "twbs/box-arrow-down-right.inline.svg",
  "IconBoxArrowInDown": "twbs/box-arrow-in-down.inline.svg",
  "IconBoxArrowInDownLeft": "twbs/box-arrow-in-down-left.inline.svg",
  "IconBoxArrowInDownRight": "twbs/box-arrow-in-down-right.inline.svg",
  "IconBoxArrowInLeft": "twbs/box-arrow-in-left.inline.svg",
  "IconBoxArrowInRight": "twbs/box-arrow-in-right.inline.svg",
  "IconBoxArrowInUp": "twbs/box-arrow-in-up.inline.svg",
  "IconBoxArrowInUpLeft": "twbs/box-arrow-in-up-left.inline.svg",
  "IconBoxArrowInUpRight": "twbs/box-arrow-in-up-right.inline.svg",
  "IconBoxArrowLeft": "twbs/box-arrow-left.inline.svg",
  "IconBoxArrowRight": "twbs/box-arrow-right.inline.svg",
  "IconBoxArrowUp": "twbs/box-arrow-up.inline.svg",
  "IconBoxArrowUpLeft": "twbs/box-arrow-up-left.inline.svg",
  "IconBoxArrowUpRight": "twbs/box-arrow-up-right.inline.svg",
  "IconBoxSeam": "twbs/box-seam.inline.svg",
  "IconBrightnessAltHigh": "twbs/brightness-alt-high.inline.svg",
  "IconBrightnessAltHighFill": "twbs/brightness-alt-high-fill.inline.svg",
  "IconBrightnessAltLow": "twbs/brightness-alt-low.inline.svg",
  "IconBrightnessAltLowFill": "twbs/brightness-alt-low-fill.inline.svg",
  "IconBrightnessHigh": "twbs/brightness-high.inline.svg",
  "IconBrightnessHighFill": "twbs/brightness-high-fill.inline.svg",
  "IconBrightnessLow": "twbs/brightness-low.inline.svg",
  "IconBrightnessLowFill": "twbs/brightness-low-fill.inline.svg",
  "IconBroadcast": "twbs/broadcast.inline.svg",
  "IconBroadcastPin": "twbs/broadcast-pin.inline.svg",
  "IconBucket": "twbs/bucket.inline.svg",
  "IconBucketFill": "twbs/bucket-fill.inline.svg",
  "IconBug": "twbs/bug.inline.svg",
  "IconBugFill": "twbs/bug-fill.inline.svg",
  "IconCamera": "twbs/camera.inline.svg",
  "IconCamera2": "twbs/camera2.inline.svg",
  "IconCameraFill": "twbs/camera-fill.inline.svg",
  "IconCameraReels": "twbs/camera-reels.inline.svg",
  "IconCameraReelsFill": "twbs/camera-reels-fill.inline.svg",
  "IconCameraVideo": "twbs/camera-video.inline.svg",
  "IconCameraVideoFill": "twbs/camera-video-fill.inline.svg",
  "IconCameraVideoOff": "twbs/camera-video-off.inline.svg",
  "IconCameraVideoOffFill": "twbs/camera-video-off-fill.inline.svg",
  "IconCart": "twbs/cart.inline.svg",
  "IconCart2": "twbs/cart2.inline.svg",
  "IconCart3": "twbs/cart3.inline.svg",
  "IconCart4": "twbs/cart4.inline.svg",
  "IconCartCheck": "twbs/cart-check.inline.svg",
  "IconCartCheckFill": "twbs/cart-check-fill.inline.svg",
  "IconCartDash": "twbs/cart-dash.inline.svg",
  "IconCartDashFill": "twbs/cart-dash-fill.inline.svg",
  "IconCartFill": "twbs/cart-fill.inline.svg",
  "IconCartPlus": "twbs/cart-plus.inline.svg",
  "IconCartPlusFill": "twbs/cart-plus-fill.inline.svg",
  "IconCartX": "twbs/cart-x.inline.svg",
  "IconCartXFill": "twbs/cart-x-fill.inline.svg",
  "IconCash": "twbs/cash.inline.svg",
  "IconCashCoin": "twbs/cash-coin.inline.svg",
  "IconCashStack": "twbs/cash-stack.inline.svg",
  "IconCloudArrowDown": "twbs/cloud-arrow-down.inline.svg",
  "IconCloudArrowDownFill": "twbs/cloud-arrow-down-fill.inline.svg",
  "IconCloudArrowUp": "twbs/cloud-arrow-up.inline.svg",
  "IconCloudArrowUpFill": "twbs/cloud-arrow-up-fill.inline.svg",
  "IconCloudCheck": "twbs/cloud-check.inline.svg",
  "IconCloudCheckFill": "twbs/cloud-check-fill.inline.svg",
  "IconCloudDrizzle": "twbs/cloud-drizzle.inline.svg",
  "IconCloudDrizzleFill": "twbs/cloud-drizzle-fill.inline.svg",
  "IconCloudFill": "twbs/cloud-fill.inline.svg",
  "IconCloudFog": "twbs/cloud-fog.inline.svg",
  "IconCloudFog2": "twbs/cloud-fog2.inline.svg",
  "IconCloudFog2Fill": "twbs/cloud-fog2-fill.inline.svg",
  "IconCloudFogFill": "twbs/cloud-fog-fill.inline.svg",
  "IconCloudHail": "twbs/cloud-hail.inline.svg",
  "IconCloudHailFill": "twbs/cloud-hail-fill.inline.svg",
  "IconCloudHaze": "twbs/cloud-haze.inline.svg",
  "IconCloudHaze1": "twbs/cloud-haze-1.inline.svg",
  "IconCloudHaze2Fill": "twbs/cloud-haze2-fill.inline.svg",
  "IconCloudHazeFill": "twbs/cloud-haze-fill.inline.svg",
  "IconCloudLightning": "twbs/cloud-lightning.inline.svg",
  "IconCloudLightningFill": "twbs/cloud-lightning-fill.inline.svg",
  "IconCloudLightningRain": "twbs/cloud-lightning-rain.inline.svg",
  "IconCloudLightningRainFill": "twbs/cloud-lightning-rain-fill.inline.svg",
  "IconCloudMinus": "twbs/cloud-minus.inline.svg",
  "IconCloudMinusFill": "twbs/cloud-minus-fill.inline.svg",
  "IconCloudMoon": "twbs/cloud-moon.inline.svg",
  "IconCloudMoonFill": "twbs/cloud-moon-fill.inline.svg",
  "IconCloudPlus": "twbs/cloud-plus.inline.svg",
  "IconCloudPlusFill": "twbs/cloud-plus-fill.inline.svg",
  "IconCloudRain": "twbs/cloud-rain.inline.svg",
  "IconCloudRainFill": "twbs/cloud-rain-fill.inline.svg",
  "IconCloudRainHeavy": "twbs/cloud-rain-heavy.inline.svg",
  "IconCloudRainHeavyFill": "twbs/cloud-rain-heavy-fill.inline.svg",
  "IconCloudSlash": "twbs/cloud-slash.inline.svg",
  "IconCloudSlashFill": "twbs/cloud-slash-fill.inline.svg",
  "IconCloudSleet": "twbs/cloud-sleet.inline.svg",
  "IconCloudSleetFill": "twbs/cloud-sleet-fill.inline.svg",
  "IconCloudSnow": "twbs/cloud-snow.inline.svg",
  "IconCloudSnowFill": "twbs/cloud-snow-fill.inline.svg",
  "IconCloudSun": "twbs/cloud-sun.inline.svg",
  "IconCloudSunFill": "twbs/cloud-sun-fill.inline.svg",
  "IconCloudUpload": "twbs/cloud-upload.inline.svg",
  "IconCloudUploadFill": "twbs/cloud-upload-fill.inline.svg",
  "IconCompass": "twbs/compass.inline.svg",
  "IconCompassFill": "twbs/compass-fill.inline.svg",
  "IconCreditCard": "twbs/credit-card.inline.svg",
  "IconCreditCard2Back": "twbs/credit-card-2-back.inline.svg",
  "IconCreditCard2BackFill": "twbs/credit-card-2-back-fill.inline.svg",
  "IconCreditCard2Front": "twbs/credit-card-2-front.inline.svg",
  "IconCreditCard2FrontFill": "twbs/credit-card-2-front-fill.inline.svg",
  "IconCreditCardFill": "twbs/credit-card-fill.inline.svg",
  "IconCup": "twbs/cup.inline.svg",
  "IconCupFill": "twbs/cup-fill.inline.svg",
  "IconCupStraw": "twbs/cup-straw.inline.svg",
  "IconCurrencyBitcoin": "twbs/currency-bitcoin.inline.svg",
  "IconCurrencyDollar": "twbs/currency-dollar.inline.svg",
  "IconCurrencyEuro": "twbs/currency-euro.inline.svg",
  "IconCurrencyExchange": "twbs/currency-exchange.inline.svg",
  "IconCurrencyPound": "twbs/currency-pound.inline.svg",
  "IconCurrencyYen": "twbs/currency-yen.inline.svg",
  "IconDiamond": "twbs/diamond.inline.svg",
  "IconDiamondFill": "twbs/diamond-fill.inline.svg",
  "IconDiamondHalf": "twbs/diamond-half.inline.svg",
  "IconDice1": "twbs/dice-1.inline.svg",
  "IconDice1Fill": "twbs/dice-1-fill.inline.svg",
  "IconDice2": "twbs/dice-2.inline.svg",
  "IconDice2Fill": "twbs/dice-2-fill.inline.svg",
  "IconDice3": "twbs/dice-3.inline.svg",
  "IconDice3Fill": "twbs/dice-3-fill.inline.svg",
  "IconDice4": "twbs/dice-4.inline.svg",
  "IconDice4Fill": "twbs/dice-4-fill.inline.svg",
  "IconDice5": "twbs/dice-5.inline.svg",
  "IconDice5Fill": "twbs/dice-5-fill.inline.svg",
  "IconDice6": "twbs/dice-6.inline.svg",
  "IconDice6Fill": "twbs/dice-6-fill.inline.svg",
  "IconDisc": "twbs/disc.inline.svg",
  "IconDiscFill": "twbs/disc-fill.inline.svg",
  "IconDiscord": "twbs/discord.inline.svg",
  "IconDoorClosed": "twbs/door-closed.inline.svg",
  "IconDoorClosedFill": "twbs/door-closed-fill.inline.svg",
  "IconDoorOpen": "twbs/door-open.inline.svg",
  "IconDoorOpenFill": "twbs/door-open-fill.inline.svg",
  "IconDropletFill": "twbs/droplet-fill.inline.svg",
  "IconDropletHalf": "twbs/droplet-half.inline.svg",
  "IconEgg": "twbs/egg.inline.svg",
  "IconEggFill": "twbs/egg-fill.inline.svg",
  "IconEggFried": "twbs/egg-fried.inline.svg",
  "IconEmojiAngry": "twbs/emoji-angry.inline.svg",
  "IconEmojiAngryFill": "twbs/emoji-angry-fill.inline.svg",
  "IconEmojiDizzy": "twbs/emoji-dizzy.inline.svg",
  "IconEmojiDizzyFill": "twbs/emoji-dizzy-fill.inline.svg",
  "IconEmojiExpressionless": "twbs/emoji-expressionless.inline.svg",
  "IconEmojiExpressionlessFill": "twbs/emoji-expressionless-fill.inline.svg",
  "IconEmojiFrown": "twbs/emoji-frown.inline.svg",
  "IconEmojiFrownFill": "twbs/emoji-frown-fill.inline.svg",
  "IconEmojiHeartEyes": "twbs/emoji-heart-eyes.inline.svg",
  "IconEmojiHeartEyesFill": "twbs/emoji-heart-eyes-fill.inline.svg",
  "IconEmojiLaughing": "twbs/emoji-laughing.inline.svg",
  "IconEmojiLaughingFill": "twbs/emoji-laughing-fill.inline.svg",
  "IconEmojiNeutral": "twbs/emoji-neutral.inline.svg",
  "IconEmojiNeutralFill": "twbs/emoji-neutral-fill.inline.svg",
  "IconEmojiSmile": "twbs/emoji-smile.inline.svg",
  "IconEmojiSmileFill": "twbs/emoji-smile-fill.inline.svg",
  "IconEmojiSmileUpsideDown": "twbs/emoji-smile-upside-down.inline.svg",
  "IconEmojiSmileUpsideDownFill": "twbs/emoji-smile-upside-down-fill.inline.svg",
  "IconEmojiSunglasses": "twbs/emoji-sunglasses.inline.svg",
  "IconEmojiSunglassesFill": "twbs/emoji-sunglasses-fill.inline.svg",
  "IconEmojiWink": "twbs/emoji-wink.inline.svg",
  "IconEmojiWinkFill": "twbs/emoji-wink-fill.inline.svg",
  "IconEnvelope": "twbs/envelope.inline.svg",
  "IconEnvelopeFill": "twbs/envelope-fill.inline.svg",
  "IconEnvelopeOpen": "twbs/envelope-open.inline.svg",
  "IconEnvelopeOpenFill": "twbs/envelope-open-fill.inline.svg",
  "IconExclamation": "twbs/exclamation.inline.svg",
  "IconExclamationCircle": "twbs/exclamation-circle.inline.svg",
  "IconExclamationCircleFill": "twbs/exclamation-circle-fill.inline.svg",
  "IconExclamationDiamond": "twbs/exclamation-diamond.inline.svg",
  "IconExclamationDiamondFill": "twbs/exclamation-diamond-fill.inline.svg",
  "IconExclamationLg": "twbs/exclamation-lg.inline.svg",
  "IconExclamationOctagon": "twbs/exclamation-octagon.inline.svg",
  "IconExclamationOctagonFill": "twbs/exclamation-octagon-fill.inline.svg",
  "IconExclamationSquare": "twbs/exclamation-square.inline.svg",
  "IconExclamationSquareFill": "twbs/exclamation-square-fill.inline.svg",
  "IconExclamationTriangle": "twbs/exclamation-triangle.inline.svg",
  "IconExclamationTriangleFill": "twbs/exclamation-triangle-fill.inline.svg",
  "IconExclude": "twbs/exclude.inline.svg",
  "IconEye": "twbs/eye.inline.svg",
  "IconEyeFill": "twbs/eye-fill.inline.svg",
  "IconEyeSlash": "twbs/eye-slash.inline.svg",
  "IconEyeSlashFill": "twbs/eye-slash-fill.inline.svg",
  "IconEyedropper": "twbs/eyedropper.inline.svg",
  "IconEyeglasses": "twbs/eyeglasses.inline.svg",
  "IconFlower1": "twbs/flower1.inline.svg",
  "IconFlower2": "twbs/flower2.inline.svg",
  "IconFlower3": "twbs/flower3.inline.svg",
  "IconFunnel": "twbs/funnel.inline.svg",
  "IconFunnelFill": "twbs/funnel-fill.inline.svg",
  "IconGear": "twbs/gear.inline.svg",
  "IconGearFill": "twbs/gear-fill.inline.svg",
  "IconGearWide": "twbs/gear-wide.inline.svg",
  "IconGearWideConnected": "twbs/gear-wide-connected.inline.svg",
  "IconGem": "twbs/gem.inline.svg",
  "IconGeo": "twbs/geo.inline.svg",
  "IconGeoAlt": "twbs/geo-alt.inline.svg",
  "IconGeoAltFill": "twbs/geo-alt-fill.inline.svg",
  "IconGeoFill": "twbs/geo-fill.inline.svg",
  "IconHammer": "twbs/hammer.inline.svg",
  "IconHandbag": "twbs/handbag.inline.svg",
  "IconHandbagFill": "twbs/handbag-fill.inline.svg",
  "IconHeart": "twbs/heart.inline.svg",
  "IconHeartFill": "twbs/heart-fill.inline.svg",
  "IconHeartHalf": "twbs/heart-half.inline.svg",
  "IconHeptagon": "twbs/heptagon.inline.svg",
  "IconHeptagonFill": "twbs/heptagon-fill.inline.svg",
  "IconHeptagonHalf": "twbs/heptagon-half.inline.svg",
  "IconHouse": "twbs/house.inline.svg",
  "IconHouseDoor": "twbs/house-door.inline.svg",
  "IconHouseDoorFill": "twbs/house-door-fill.inline.svg",
  "IconHouseFill": "twbs/house-fill.inline.svg",
  "IconHurricane": "twbs/hurricane.inline.svg",
  "IconInfo": "twbs/info.inline.svg",
  "IconInfoCircle": "twbs/info-circle.inline.svg",
  "IconInfoCircleFill": "twbs/info-circle-fill.inline.svg",
  "IconInfoLg": "twbs/info-lg.inline.svg",
  "IconInfoSquare": "twbs/info-square.inline.svg",
  "IconInfoSquareFill": "twbs/info-square-fill.inline.svg",
  "IconIso7010E002New": "iso7010/ISO-7010-E002-new.inline.svg",
  "IconIso7010E003FirstAidSign": "iso7010/ISO-7010-E003---First-aid-sign.inline.svg",
  "IconIso7010E004": "iso7010/ISO-7010-E004.inline.svg",
  "IconIso7010E007": "iso7010/ISO-7010-E007.inline.svg",
  "IconIso7010E009": "iso7010/ISO-7010-E009.inline.svg",
  "IconIso7010E010": "iso7010/ISO-7010-E010.inline.svg",
  "IconIso7010E011": "iso7010/ISO-7010-E011.inline.svg",
  "IconIso7010E012": "iso7010/ISO-7010-E012.inline.svg",
  "IconIso7010E013": "iso7010/ISO-7010-E013.inline.svg",
  "IconIso7010E016": "iso7010/ISO-7010-E016.inline.svg",
  "IconIso7010E017": "iso7010/ISO-7010-E017.inline.svg",
  "IconIso7010F001": "iso7010/ISO-7010-F001.inline.svg",
  "IconIso7010F002": "iso7010/ISO-7010-F002.inline.svg",
  "IconIso7010F003": "iso7010/ISO-7010-F003.inline.svg",
  "IconIso7010F004": "iso7010/ISO-7010-F004.inline.svg",
  "IconIso7010F005": "iso7010/ISO-7010-F005.inline.svg",
  "IconIso7010F006": "iso7010/ISO-7010-F006.inline.svg",
  "IconIso7010F007": "iso7010/ISO-7010-F007.inline.svg",
  "IconIso7010W001": "iso7010/ISO-7010-W001.inline.svg",
  "IconIso7010W002": "iso7010/ISO-7010-W002.inline.svg",
  "IconIso7010W003": "iso7010/ISO-7010-W003.inline.svg",
  "IconIso7010W004": "iso7010/ISO-7010-W004.inline.svg",
  "IconIso7010W005": "iso7010/ISO-7010-W005.inline.svg",
  "IconIso7010W007": "iso7010/ISO-7010-W007.inline.svg",
  "IconIso7010W008": "iso7010/ISO-7010-W008.inline.svg",
  "IconIso7010W009": "iso7010/ISO-7010-W009.inline.svg",
  "IconIso7010W012": "iso7010/ISO-7010-W012.inline.svg",
  "IconIso7010W013": "iso7010/ISO-7010-W013.inline.svg",
  "IconIso7010W014": "iso7010/ISO-7010-W014.inline.svg",
  "IconIso7010W016": "iso7010/ISO-7010-W016.inline.svg",
  "IconIso7010W019": "iso7010/ISO-7010-W019.inline.svg",
  "IconIso7010W026": "iso7010/ISO-7010-W026.inline.svg",
  "IconIso7010W027": "iso7010/ISO-7010-W027.inline.svg",
  "IconIso7010W028": "iso7010/ISO-7010-W028.inline.svg",
  "IconIso7010W044WarningSlipway": "iso7010/ISO-7010-W044-warning-slipway.inline.svg",
  "IconIso7010W051WarningNoGuardRailAndUnprotectedEdges": "iso7010/ISO-7010-W051-warning-no-guard-rail-and-unprotected-edges.inline.svg",
  "IconIso7010W052WarningUnstableCliffEdge": "iso7010/ISO-7010-W052-warning-unstable-cliff-edge.inline.svg",
  "IconIso7010W053WarningUnstableCliff": "iso7010/ISO-7010-W053-warning-unstable-cliff.inline.svg",
  "IconIso7010W054WarningSharks": "iso7010/ISO-7010-W054-warning-sharks.inline.svg",
  "IconIso7010W055WarningSewageEffluentOutfall": "iso7010/ISO-7010-W055-warning-sewage-effluent-outfall.inline.svg",
  "IconIso7010W056WarningTsunamiHazardZone": "iso7010/ISO-7010-W056-warning-tsunami-hazard-zone.inline.svg",
  "IconIso7010W057WarningStrongCurrents": "iso7010/ISO-7010-W057-warning-strong-currents.inline.svg",
  "IconIso7010W058WarningBoatingArea": "iso7010/ISO-7010-W058-warning-boating-area.inline.svg",
  "IconIso7010W059SandYachting": "iso7010/ISO-7010-W059-sand-yachting.inline.svg",
  "IconIso7010W060WarningIncomingTides": "iso7010/ISO-7010-W060-warning-incoming-tides.inline.svg",
  "IconIso7010W061WarningQuicksandMudDeepMudOrSilt": "iso7010/ISO-7010-W061-warning-quicksand-mud-deep-mud-or-silt.inline.svg",
  "IconIso7010W062WarningKiteSurfing": "iso7010/ISO-7010-W062-warning-kite-surfing.inline.svg",
  "IconIso7010W063WarningParasailing": "iso7010/ISO-7010-W063-warning-parasailing.inline.svg",
  "IconIso7010W064WarningStrongWinds": "iso7010/ISO-7010-W064-warning-strong-winds.inline.svg",
  "IconIso7010W065WarningHighSurfOrLargeBreakingWaves": "iso7010/ISO-7010-W065-warning-high-surf-or-large-breaking-waves.inline.svg",
  "IconIso7010W066WarningSuddenDropToDeepWater": "iso7010/ISO-7010-W066-warning-Sudden-drop-to-deep-water.inline.svg",
  "IconIso7010W067WarningAlligatorsCaymansAndCrocodiles": "iso7010/ISO-7010-W067-warning-alligators-caymans-and-crocodiles.inline.svg",
  "IconJournalAlbum": "twbs/journal-album.inline.svg",
  "IconJournalCheck": "twbs/journal-check.inline.svg",
  "IconLadder": "twbs/ladder.inline.svg",
  "IconLifePreserver": "twbs/life-preserver.inline.svg",
  "IconLightbulb": "twbs/lightbulb.inline.svg",
  "IconLightbulbFill": "twbs/lightbulb-fill.inline.svg",
  "IconLightbulbOff": "twbs/lightbulb-off.inline.svg",
  "IconLightbulbOffFill": "twbs/lightbulb-off-fill.inline.svg",
  "IconLightning": "twbs/lightning.inline.svg",
  "IconLightningCharge": "twbs/lightning-charge.inline.svg",
  "IconLightningChargeFill": "twbs/lightning-charge-fill.inline.svg",
  "IconLightningFill": "twbs/lightning-fill.inline.svg",
  "IconLink": "twbs/link.inline.svg",
  "IconLink45Deg": "twbs/link-45deg.inline.svg",
  "IconLinkedin": "twbs/linkedin.inline.svg",
  "IconMap": "twbs/map.inline.svg",
  "IconMapFill": "twbs/map-fill.inline.svg",
  "IconMinecart": "twbs/minecart.inline.svg",
  "IconMinecartLoaded": "twbs/minecart-loaded.inline.svg",
  "IconMoisture": "twbs/moisture.inline.svg",
  "IconMoon": "twbs/moon.inline.svg",
  "IconMoonFill": "twbs/moon-fill.inline.svg",
  "IconMoonStars": "twbs/moon-stars.inline.svg",
  "IconMoonStarsFill": "twbs/moon-stars-fill.inline.svg",
  "IconMusicNote": "twbs/music-note.inline.svg",
  "IconMusicNoteBeamed": "twbs/music-note-beamed.inline.svg",
  "IconMusicNoteList": "twbs/music-note-list.inline.svg",
  "IconMusicPlayer": "twbs/music-player.inline.svg",
  "IconMusicPlayerFill": "twbs/music-player-fill.inline.svg",
  "IconNut": "twbs/nut.inline.svg",
  "IconNutFill": "twbs/nut-fill.inline.svg",
  "IconOctagon": "twbs/octagon.inline.svg",
  "IconOctagonFill": "twbs/octagon-fill.inline.svg",
  "IconOctagonHalf": "twbs/octagon-half.inline.svg",
  "IconOutlet": "twbs/outlet.inline.svg",
  "IconPaintBucket": "twbs/paint-bucket.inline.svg",
  "IconPalette": "twbs/palette.inline.svg",
  "IconPalette2": "twbs/palette2.inline.svg",
  "IconPaletteFill": "twbs/palette-fill.inline.svg",
  "IconPatchCheck": "twbs/patch-check.inline.svg",
  "IconPatchCheckFill": "twbs/patch-check-fill.inline.svg",
  "IconPatchExclamation": "twbs/patch-exclamation.inline.svg",
  "IconPatchExclamationFill": "twbs/patch-exclamation-fill.inline.svg",
  "IconPatchMinus": "twbs/patch-minus.inline.svg",
  "IconPatchMinusFill": "twbs/patch-minus-fill.inline.svg",
  "IconPatchPlus": "twbs/patch-plus.inline.svg",
  "IconPatchPlusFill": "twbs/patch-plus-fill.inline.svg",
  "IconPatchQuestion": "twbs/patch-question.inline.svg",
  "IconPatchQuestionFill": "twbs/patch-question-fill.inline.svg",
  "IconPeace": "twbs/peace.inline.svg",
  "IconPeaceFill": "twbs/peace-fill.inline.svg",
  "IconPencil": "twbs/pencil.inline.svg",
  "IconPencilFill": "twbs/pencil-fill.inline.svg",
  "IconPencilSquare": "twbs/pencil-square.inline.svg",
  "IconPentagon": "twbs/pentagon.inline.svg",
  "IconPentagonFill": "twbs/pentagon-fill.inline.svg",
  "IconPentagonHalf": "twbs/pentagon-half.inline.svg",
  "IconPeople": "twbs/people.inline.svg",
  "IconPeopleFill": "twbs/people-fill.inline.svg",
  "IconPerson": "twbs/person.inline.svg",
  "IconPersonBadge": "twbs/person-badge.inline.svg",
  "IconPersonBadgeFill": "twbs/person-badge-fill.inline.svg",
  "IconPersonBoundingBox": "twbs/person-bounding-box.inline.svg",
  "IconPersonCheck": "twbs/person-check.inline.svg",
  "IconPersonCheckFill": "twbs/person-check-fill.inline.svg",
  "IconPersonCircle": "twbs/person-circle.inline.svg",
  "IconPersonDash": "twbs/person-dash.inline.svg",
  "IconPersonDashFill": "twbs/person-dash-fill.inline.svg",
  "IconPersonFill": "twbs/person-fill.inline.svg",
  "IconPersonLinesFill": "twbs/person-lines-fill.inline.svg",
  "IconPersonPlus": "twbs/person-plus.inline.svg",
  "IconPersonPlusFill": "twbs/person-plus-fill.inline.svg",
  "IconPersonSquare": "twbs/person-square.inline.svg",
  "IconPersonX": "twbs/person-x.inline.svg",
  "IconPersonXFill": "twbs/person-x-fill.inline.svg",
  "IconPiggyBank": "twbs/piggy-bank.inline.svg",
  "IconPiggyBankFill": "twbs/piggy-bank-fill.inline.svg",
  "IconPin": "twbs/pin.inline.svg",
  "IconPinAngle": "twbs/pin-angle.inline.svg",
  "IconPinAngleFill": "twbs/pin-angle-fill.inline.svg",
  "IconPinFill": "twbs/pin-fill.inline.svg",
  "IconPinMap": "twbs/pin-map.inline.svg",
  "IconPinMapFill": "twbs/pin-map-fill.inline.svg",
  "IconPlug": "twbs/plug.inline.svg",
  "IconPlugFill": "twbs/plug-fill.inline.svg",
  "IconPlus": "twbs/plus.inline.svg",
  "IconPlusCircle": "twbs/plus-circle.inline.svg",
  "IconPlusCircleDotted": "twbs/plus-circle-dotted.inline.svg",
  "IconPlusCircleFill": "twbs/plus-circle-fill.inline.svg",
  "IconPlusLg": "twbs/plus-lg.inline.svg",
  "IconPlusSquare": "twbs/plus-square.inline.svg",
  "IconPlusSquareDotted": "twbs/plus-square-dotted.inline.svg",
  "IconPlusSquareFill": "twbs/plus-square-fill.inline.svg",
  "IconQuestion": "twbs/question.inline.svg",
  "IconQuestionCircle": "twbs/question-circle.inline.svg",
  "IconQuestionCircleFill": "twbs/question-circle-fill.inline.svg",
  "IconQuestionDiamond": "twbs/question-diamond.inline.svg",
  "IconQuestionDiamondFill": "twbs/question-diamond-fill.inline.svg",
  "IconQuestionLg": "twbs/question-lg.inline.svg",
  "IconQuestionOctagon": "twbs/question-octagon.inline.svg",
  "IconQuestionOctagonFill": "twbs/question-octagon-fill.inline.svg",
  "IconQuestionSquare": "twbs/question-square.inline.svg",
  "IconQuestionSquareFill": "twbs/question-square-fill.inline.svg",
  "IconRainbow": "twbs/rainbow.inline.svg",
  "IconShield": "twbs/shield.inline.svg",
  "IconShieldCheck": "twbs/shield-check.inline.svg",
  "IconShieldExclamation": "twbs/shield-exclamation.inline.svg",
  "IconShieldFill": "twbs/shield-fill.inline.svg",
  "IconShieldFillCheck": "twbs/shield-fill-check.inline.svg",
  "IconShieldFillExclamation": "twbs/shield-fill-exclamation.inline.svg",
  "IconShieldFillMinus": "twbs/shield-fill-minus.inline.svg",
  "IconShieldFillPlus": "twbs/shield-fill-plus.inline.svg",
  "IconShieldFillX": "twbs/shield-fill-x.inline.svg",
  "IconShieldLock": "twbs/shield-lock.inline.svg",
  "IconShieldLockFill": "twbs/shield-lock-fill.inline.svg",
  "IconShieldMinus": "twbs/shield-minus.inline.svg",
  "IconShieldPlus": "twbs/shield-plus.inline.svg",
  "IconShieldShaded": "twbs/shield-shaded.inline.svg",
  "IconShieldSlash": "twbs/shield-slash.inline.svg",
  "IconShieldSlashFill": "twbs/shield-slash-fill.inline.svg",
  "IconShieldX": "twbs/shield-x.inline.svg",
  "IconSignFirstAid": "iso7010/Sign-first-aid.inline.svg",
  "IconSignpost": "twbs/signpost.inline.svg",
  "IconSignpost2": "twbs/signpost-2.inline.svg",
  "IconSignpost2Fill": "twbs/signpost-2-fill.inline.svg",
  "IconSignpostFill": "twbs/signpost-fill.inline.svg",
  "IconSignpostSplit": "twbs/signpost-split.inline.svg",
  "IconSignpostSplitFill": "twbs/signpost-split-fill.inline.svg",
  "IconSnow": "twbs/snow.inline.svg",
  "IconSnow2": "twbs/snow2.inline.svg",
  "IconSnow3": "twbs/snow3.inline.svg",
  "IconSuitClub": "twbs/suit-club.inline.svg",
  "IconSuitClubFill": "twbs/suit-club-fill.inline.svg",
  "IconSuitDiamond": "twbs/suit-diamond.inline.svg",
  "IconSuitDiamondFill": "twbs/suit-diamond-fill.inline.svg",
  "IconSuitHeart": "twbs/suit-heart.inline.svg",
  "IconSuitHeartFill": "twbs/suit-heart-fill.inline.svg",
  "IconSuitSpade": "twbs/suit-spade.inline.svg",
  "IconSuitSpadeFill": "twbs/suit-spade-fill.inline.svg",
  "IconSun": "twbs/sun.inline.svg",
  "IconSunFill": "twbs/sun-fill.inline.svg",
  "IconSunglasses": "twbs/sunglasses.inline.svg",
  "IconSunrise": "twbs/sunrise.inline.svg",
  "IconSunriseFill": "twbs/sunrise-fill.inline.svg",
  "IconSunset": "twbs/sunset.inline.svg",
  "IconSunsetFill": "twbs/sunset-fill.inline.svg",
  "IconTag": "twbs/tag.inline.svg",
  "IconTagFill": "twbs/tag-fill.inline.svg",
  "IconTags": "twbs/tags.inline.svg",
  "IconTagsFill": "twbs/tags-fill.inline.svg",
  "IconTelephone": "twbs/telephone.inline.svg",
  "IconTelephoneFill": "twbs/telephone-fill.inline.svg",
  "IconTelephoneForward": "twbs/telephone-forward.inline.svg",
  "IconTelephoneForwardFill": "twbs/telephone-forward-fill.inline.svg",
  "IconTelephoneInbound": "twbs/telephone-inbound.inline.svg",
  "IconTelephoneInboundFill": "twbs/telephone-inbound-fill.inline.svg",
  "IconTelephoneMinus": "twbs/telephone-minus.inline.svg",
  "IconTelephoneMinusFill": "twbs/telephone-minus-fill.inline.svg",
  "IconTelephoneOutbound": "twbs/telephone-outbound.inline.svg",
  "IconTelephoneOutboundFill": "twbs/telephone-outbound-fill.inline.svg",
  "IconTelephonePlus": "twbs/telephone-plus.inline.svg",
  "IconTelephonePlusFill": "twbs/telephone-plus-fill.inline.svg",
  "IconTelephoneX": "twbs/telephone-x.inline.svg",
  "IconTelephoneXFill": "twbs/telephone-x-fill.inline.svg",
  "IconThermometer": "twbs/thermometer.inline.svg",
  "IconThermometerHalf": "twbs/thermometer-half.inline.svg",
  "IconThermometerHigh": "twbs/thermometer-high.inline.svg",
  "IconThermometerLow": "twbs/thermometer-low.inline.svg",
  "IconThermometerSnow": "twbs/thermometer-snow.inline.svg",
  "IconThermometerSun": "twbs/thermometer-sun.inline.svg",
  "IconTrash": "twbs/trash.inline.svg",
  "IconTrash2": "twbs/trash2.inline.svg",
  "IconTrash2Fill": "twbs/trash2-fill.inline.svg",
  "IconTrashFill": "twbs/trash-fill.inline.svg",
  "IconTree": "twbs/tree.inline.svg",
  "IconTreeFill": "twbs/tree-fill.inline.svg",
  "IconTrophy": "twbs/trophy.inline.svg",
  "IconTrophyFill": "twbs/trophy-fill.inline.svg",
  "IconTropicalStorm": "twbs/tropical-storm.inline.svg",
  "IconTruck": "twbs/truck.inline.svg",
  "IconTruckFlatbed": "twbs/truck-flatbed.inline.svg",
  "IconTsunami": "twbs/tsunami.inline.svg",
  "IconUmbrella": "twbs/umbrella.inline.svg",
  "IconUmbrellaFill": "twbs/umbrella-fill.inline.svg",
  "IconUnion": "twbs/union.inline.svg",
  "IconUnlock": "twbs/unlock.inline.svg",
  "IconUnlockFill": "twbs/unlock-fill.inline.svg",
  "IconWatch": "twbs/watch.inline.svg",
  "IconWater": "twbs/water.inline.svg",
  "IconWifi": "twbs/wifi.inline.svg",
  "IconWifi1": "twbs/wifi-1.inline.svg",
  "IconWifi2": "twbs/wifi-2.inline.svg",
  "IconWifiOff": "twbs/wifi-off.inline.svg",
  "IconWind": "twbs/wind.inline.svg",
  "IconX": "twbs/x.inline.svg",
  "IconXCircle": "twbs/x-circle.inline.svg",
  "IconXCircleFill": "twbs/x-circle-fill.inline.svg",
  "IconXDiamond": "twbs/x-diamond.inline.svg",
  "IconXDiamondFill": "twbs/x-diamond-fill.inline.svg",
  "IconXLg": "twbs/x-lg.inline.svg",
  "IconXOctagon": "twbs/x-octagon.inline.svg",
  "IconXOctagonFill": "twbs/x-octagon-fill.inline.svg",
  "IconXSquare": "twbs/x-square.inline.svg",
  "IconXSquareFill": "twbs/x-square-fill.inline.svg",
  "IconZoomIn": "twbs/zoom-in.inline.svg",
  "IconZoomOut": "twbs/zoom-out.inline.svg",
}
`;
